
[1m[46m RUN [49m[22m [36mv4.0.18 [39m[90mC:/Users/90538/Desktop/02_Yazilim_Projeleri/calc-empire[39m

 [31mÔØ»[39m src/components/__tests__/CalculatorTemplate.test.tsx [2m([22m[2m3 tests[22m[2m | [22m[31m3 failed[39m[2m)[22m[32m 181[2mms[22m[39m
[31m     [31m├ù[31m renders all fields from config[39m[32m 117[2mms[22m[39m
[31m     [31m├ù[31m calculates result when inputs are provided and solve is clicked[39m[32m 31[2mms[22m[39m
[31m     [31m├ù[31m resets all fields when reset button is clicked[39m[32m 30[2mms[22m[39m
node.exe : 
At line:1 char:1
+ & "C:\Program Files\nodejs/node.exe" "C:\Program Files\nodejs/node_mo ...
+ ~~~~~~~~~~~~~~~~~~~~~~~~~~~~~~~~~~~~~~~~~~~~~~~~~~~~~~~~~~~~~~~~~~~~~
    + CategoryInfo          : NotSpecified: (:String) [], RemoteException
    + FullyQualifiedErrorId : NativeCommandError
 
[31mÔÄ»ÔÄ»ÔÄ»ÔÄ»ÔÄ»ÔÄ»ÔÄ»[39m[1m[41m Failed Tests 3 [49m[22m[31mÔÄ»ÔÄ»ÔÄ»ÔÄ»ÔÄ»ÔÄ»ÔÄ»[39m

[41m[1m FAIL [22m[49m src/components/__tests__/CalculatorTemplate.test.tsx[2m > [22mCalculatorTemplate[2m > [22
mrenders all fields from config
[41m[1m FAIL [22m[49m src/components/__tests__/CalculatorTemplate.test.tsx[2m > [22mCalculatorTemplate[2m > [22
mcalculates result when inputs are provided and solve is clicked
[41m[1m FAIL [22m[49m src/components/__tests__/CalculatorTemplate.test.tsx[2m > [22mCalculatorTemplate[2m > [22
mresets all fields when reset button is clicked
[31m[1mTypeError[22m: t.raw is not a function[39m
[36m [2mÔØ»[22m ReferenceCard src/components/ui/ReferenceCard.tsx:[2m25:19[22m[39m
    [90m 23| [39m
    [90m 24| [39m  [35mconst[39m content [33m=[39m [34mt[39m([32m`[39m[36m${[39mreferenceKey[36m}[39m[32
m.content`[39m [35mas[39m [33mTranslationKey[39m)[33m;[39m
    [90m 25| [39m  const links = t.raw(`${referenceKey}.links` as TranslationKey) as LiÔÇĞ
    [90m   | [39m                  [31m^[39m
    [90m 26| [39m  [35mconst[39m hasLinks [33m=[39m [33mArray[39m[33m.[39m[34misArray[39m(links) [33m&&[3
9m links[33m.[39mlength [33m>[39m [34m0[39m[33m;[39m
    [90m 27| [39m
[90m [2mÔØ»[22m Object.react_stack_bottom_frame node_modules/react-dom/cjs/react-dom-client.development.js:[2m25904
:20[22m[39m
[90m [2mÔØ»[22m renderWithHooks node_modules/react-dom/cjs/react-dom-client.development.js:[2m7662:22[22m[39m
[90m [2mÔØ»[22m updateFunctionComponent node_modules/react-dom/cjs/react-dom-client.development.js:[2m10166:19[22m
[39m
[90m [2mÔØ»[22m beginWork node_modules/react-dom/cjs/react-dom-client.development.js:[2m11778:18[22m[39m
[90m [2mÔØ»[22m runWithFiberInDEV node_modules/react-dom/cjs/react-dom-client.development.js:[2m874:13[22m[39m
[90m [2mÔØ»[22m performUnitOfWork node_modules/react-dom/cjs/react-dom-client.development.js:[2m17641:22[22m[39m
[90m [2mÔØ»[22m workLoopSync node_modules/react-dom/cjs/react-dom-client.development.js:[2m17469:41[22m[39m
[90m [2mÔØ»[22m renderRootSync node_modules/react-dom/cjs/react-dom-client.development.js:[2m17450:11[22m[39m
[90m [2mÔØ»[22m performWorkOnRoot node_modules/react-dom/cjs/react-dom-client.development.js:[2m16583:35[22m[39m

[31m[2mÔÄ»ÔÄ»ÔÄ»ÔÄ»ÔÄ»ÔÄ»ÔÄ»ÔÄ»ÔÄ»ÔÄ»ÔÄ»ÔÄ»ÔÄ»ÔÄ»ÔÄ»ÔÄ»ÔÄ»ÔÄ»ÔÄ»ÔÄ»ÔÄ»ÔÄ»ÔÄ»ÔÄ»[1/3]ÔÄ»[22m[39m


[2m Test Files [22m [1m[31m1 failed[39m[22m[90m (1)[39m
[2m      Tests [22m [1m[31m3 failed[39m[22m[90m (3)[39m
[2m   Start at [22m 12:04:10
[2m   Duration [22m 6.70s[2m (transform 681ms, setup 299ms, import 4.16s, tests 181ms, environment 1.76s)[22m

